2025-09-02 14:30:02.983 [main] DEBUG org.apache.axiom.om.util.StAXUtils - About to create XMLInputFactory implementation with classloader=sun.misc.Launcher$AppClassLoader@3d4eac69
2025-09-02 14:30:02.988 [main] DEBUG org.apache.axiom.om.util.StAXUtils - The classloader for javax.xml.stream.XMLInputFactory is: null
2025-09-02 14:30:02.993 [main] DEBUG o.a.a.u.s.d.StAXDialectDetector - StAX implementation at jar:file:/Users/srihari.kalthireddy/.m2/repository/org/codehaus/woodstox/wstx-asl/3.2.6/wstx-asl-3.2.6.jar!/ is:
  Title:         WoodSToX XML-processor
  Symbolic name: null
  Vendor:        woodstox.codehaus.org
  Version:       3.2.6
2025-09-02 14:30:02.994 [main] DEBUG o.a.a.u.s.d.StAXDialectDetector - Detected StAX dialect: Woodstox
2025-09-02 14:30:02.994 [main] DEBUG org.apache.axiom.om.util.StAXUtils - Created XMLInputFactory = class org.apache.axiom.util.stax.wrapper.ImmutableXMLInputFactory with classloader=sun.misc.Launcher$AppClassLoader@3d4eac69
2025-09-02 14:30:02.994 [main] DEBUG org.apache.axiom.om.util.StAXUtils - Configuration = ABDERA
2025-09-02 14:30:02.994 [main] DEBUG org.apache.axiom.om.util.StAXUtils - Size of XMLInputFactory map for this configuration = 1
2025-09-02 14:30:02.994 [main] DEBUG org.apache.axiom.om.util.StAXUtils - Configurations for which factories have been cached = [ABDERA]
2025-09-02 14:30:03.040 [main] DEBUG org.apache.axiom.om.util.StAXUtils - About to create XMLOutputFactory implementation with classloader=sun.misc.Launcher$AppClassLoader@3d4eac69
2025-09-02 14:30:03.040 [main] DEBUG org.apache.axiom.om.util.StAXUtils - The classloader for javax.xml.stream.XMLOutputFactory is: null
2025-09-02 14:30:03.044 [main] DEBUG org.apache.axiom.om.util.StAXUtils - Created XMLOutputFactory = class org.apache.axiom.util.stax.wrapper.ImmutableXMLOutputFactory for classloader=sun.misc.Launcher$AppClassLoader@3d4eac69
2025-09-02 14:30:03.044 [main] DEBUG org.apache.axiom.om.util.StAXUtils - Configuration = DEFAULT
2025-09-02 14:30:03.044 [main] DEBUG org.apache.axiom.om.util.StAXUtils - Size of XMLOutFactory map for this configuration = 1
2025-09-02 14:30:03.044 [main] DEBUG org.apache.axiom.om.util.StAXUtils - Configurations for which factories have been cached = [DEFAULT]
2025-09-02 14:30:03.048 [main] DEBUG org.apache.axiom.om.util.StAXUtils - XMLStreamWriter is org.apache.axiom.util.stax.dialect.WoodstoxStreamWriterWrapper
2025-09-02 14:30:03.049 [main] DEBUG o.a.a.om.impl.MTOMXMLStreamWriter - Calling MTOMXMLStreamWriter.flush
2025-09-02 14:30:03.049 [main] DEBUG o.a.a.om.impl.MTOMXMLStreamWriter - close
